# eza filename-class map for --color=full fallback.
# Source: eza src/info/filetype.rs (fetched 2026-07-19).
# n = exact filename (case-sensitive), x = extension after
# the last dot (matched lowercased). Regenerate the header
# with scripts/gen-colorclass-tab.sh.
n BUILD Build
n BUILD.bazel Build
n Brewfile Build
n CMakeLists.txt Build
n Cargo.toml Build
n Containerfile Build
n Dockerfile Build
n Earthfile Build
n GNUmakefile Build
n Gemfile Build
n Gruntfile.coffee Build
n Gruntfile.js Build
n Justfile Build
n Makefile Build
n PKGBUILD Build
n Pipfile Build
n Podfile Build
n Procfile Build
n Rakefile Build
n RoboFile.php Build
n SConstruct Build
n Vagrantfile Build
n WORKSPACE Build
n bsconfig.json Build
n build.gradle Build
n build.sbt Build
n build.xml Build
n composer.json Build
n configure Build
n flake.nix Build
n id_dsa Crypto
n id_ecdsa Crypto
n id_ecdsa_sk Crypto
n id_ed25519 Crypto
n id_ed25519_sk Crypto
n id_rsa Crypto
n jsconfig.json Build
n justfile Build
n makefile Build
n meson.build Build
n mix.exs Build
n package.json Build
n pom.xml Build
n pyproject.toml Build
n tsconfig.json Build
n webpack.config.cjs Build
n webpack.config.js Build
x 7z Compressed
x a Compiled
x aac Music
x age Crypto
x aif Lossless
x aifc Lossless
x aiff Lossless
x alac Lossless
x ape Lossless
x applescript Source
x ar Compressed
x arj Compressed
x arw Image
x as Source
x asa Source
x asc Crypto
x avi Video
x avif Image
x awk Source
x bak Temp
x bk Temp
x bkp Temp
x bmp Image
x br Compressed
x bundle Compiled
x bz Compressed
x bz2 Compressed
x bz3 Compressed
x c Source
x c++ Source
x c++m Source
x cabal Source
x cbr Image
x cbz Image
x cc Source
x ccm Source
x cer Crypto
x class Compiled
x clj Source
x cma Compiled
x cmi Compiled
x cmo Compiled
x cmx Compiled
x cp Source
x cpio Compressed
x cpp Source
x cppm Source
x cr Source
x cr2 Image
x crdownload Temp
x crt Crypto
x cs Source
x csr Crypto
x css Source
x csx Source
x cu Source
x cxx Source
x cxxm Source
x cypher Source
x d Source
x dart Source
x deb Compressed
x di Source
x djvu Document
x dll Compiled
x dmg Compressed
x doc Document
x docx Document
x download Temp
x dpr Source
x dvi Image
x dylib Compiled
x el Source
x elc Compiled
x elf Compiled
x elm Source
x eml Document
x eps Image
x erl Source
x ex Source
x exs Source
x f Source
x f90 Source
x fcbak Temp
x fcmacro Source
x fcscript Source
x fcstd1 Temp
x fdmdownload Temp
x flac Lossless
x flv Video
x fnl Source
x fodg Image
x fodp Document
x fods Document
x fodt Document
x for Source
x fotd Document
x fs Source
x fsh Source
x fsi Source
x fsx Source
x gd Source
x gdoc Document
x gif Image
x go Source
x gpg Crypto
x gradle Source
x groovy Source
x gvy Source
x gz Compressed
x h Source
x h++ Source
x h264 Video
x hc Source
x heic Image
x heics Video
x heif Image
x hh Source
x hpp Source
x hs Source
x htc Source
x hxx Source
x ico Image
x inc Source
x inl Source
x ino Source
x ipynb Source
x iso Compressed
x ixx Source
x j2c Image
x j2k Image
x java Source
x jfi Image
x jfif Image
x jif Image
x jl Source
x jp2 Image
x jpe Image
x jpeg Image
x jpf Image
x jpg Image
x jpx Image
x js Source
x jsx Source
x jxl Image
x kbx Crypto
x key Document
x keynote Document
x ko Compiled
x kra Image
x krz Image
x kt Source
x kts Source
x kusto Source
x less Source
x lhs Source
x lib Compiled
x lisp Source
x ltx Source
x lua Source
x lz Compressed
x lz4 Compressed
x lzh Compressed
x lzma Compressed
x lzo Compressed
x m Source
x m2ts Video
x m2v Video
x m4a Music
x m4v Video
x malloy Source
x matlab Source
x md5 Crypto
x mka Music
x mkv Video
x ml Source
x mli Source
x mn Source
x mov Video
x mp2 Music
x mp3 Music
x mp4 Video
x mpeg Video
x mpg Video
x nb Source
x nef Image
x ninja Build
x numbers Document
x o Compiled
x obj Compiled
x odg Image
x odp Document
x ods Document
x odt Document
x ogg Music
x ogm Video
x ogv Video
x opus Music
x orf Image
x p Source
x p12 Crypto
x pages Document
x part Temp
x pas Source
x pbm Image
x pcm Lossless
x pdf Document
x pem Crypto
x pfx Crypto
x pgm Image
x pgp Crypto
x phar Compressed
x php Source
x pl Source
x pm Source
x png Image
x pnm Image
x pod Source
x pp Source
x ppm Image
x ppt Document
x pptx Document
x prql Source
x ps Image
x ps1 Source
x psd Image
x psd1 Source
x psm1 Source
x pub Crypto
x purs Source
x pxm Image
x py Source
x pyc Compiled
x pyd Compiled
x pyo Compiled
x qcow Compressed
x qcow2 Compressed
x qoi Image
x r Source
x rar Compressed
x raw Image
x rb Source
x rpm Compressed
x rq Source
x rs Source
x rtf Document
x sass Source
x scad Source
x scala Source
x scm Source
x scss Source
x sha1 Crypto
x sha224 Crypto
x sha256 Crypto
x sha384 Crypto
x sha512 Crypto
x sig Crypto
x signature Crypto
x sld Source
x so Compiled
x sql Source
x ss Source
x svg Image
x swift Source
x swn Temp
x swo Temp
x swp Temp
x tar Compressed
x taz Compressed
x tbz Compressed
x tbz2 Compressed
x tc Compressed
x tcl Source
x tex Source
x tgz Compressed
x tif Image
x tiff Image
x tlz Compressed
x tmp Temp
x ts Source
x txz Compressed
x tz Compressed
x v Source
x vb Source
x vdi Compressed
x vhd Compressed
x vhdx Compressed
x video Video
x vmdk Compressed
x vob Video
x vsh Source
x wav Lossless
x webm Video
x webp Image
x wma Music
x wmv Video
x wv Lossless
x xcf Image
x xls Document
x xlsm Document
x xlsx Document
x xpm Image
x xz Compressed
x z Compressed
x zig Source
x zip Compressed
x zst Compressed
x zwc Compiled
